%!Adobe-FontList 1.23
%Locale:0x409

%BeginFont
Handler:DirectoryHandler
FontType:Type1
FontName:StudioGrotesk-Light
FamilyName:Studio Grotesk
StyleName:Light
FullName:Studio Grotesk Light
MenuName:Studio Grotesk Light
StyleBits:0
WritingScript:Roman
OutlineFileName:E:\CLIENT WORK\KEIYNAN LONSDALE\Keiynan - Landing page\NEW ear\Keiynan Landing page - new era mastert Folder\Document fonts\StudioGrotesk-Light.otf
DataFormat:sfntData
UsesStandardEncoding:yes
isCFF:yes
hasSVG:no
VariableFontType:NonVariableFont
FileLength:21464
FileModTime:1656718325
WeightClass:300
WidthClass:5
AngleClass:0
NameArray:0,Mac,4,Studio Grotesk Light
NameArray:0,Win,1,Studio Grotesk Light
NameArray:0,Win,16,Studio Grotesk
%EndFont

%BeginFont
Handler:DirectoryHandler
FontType:Type1
FontName:StudioGrotesk-Regular
FamilyName:Studio Grotesk
StyleName:Regular
FullName:Studio Grotesk Regular
MenuName:Studio Grotesk
StyleBits:0
WritingScript:Roman
OutlineFileName:E:\CLIENT WORK\KEIYNAN LONSDALE\Keiynan - Landing page\NEW ear\Keiynan Landing page - new era mastert Folder\Document fonts\StudioGrotesk-Regular.otf
DataFormat:sfntData
UsesStandardEncoding:yes
isCFF:yes
hasSVG:no
VariableFontType:NonVariableFont
FileLength:21700
FileModTime:1656718325
WeightClass:500
WidthClass:5
AngleClass:0
NameArray:0,Mac,4,Studio Grotesk Regular
NameArray:0,Win,1,Studio Grotesk
%EndFont

%BeginFont
Handler:DirectoryHandler
FontType:TrueType
FontName:Microsoft-Yi-Baiti
FamilyName:Microsoft Yi Baiti
StyleName:Regular
FullName:Microsoft Yi Baiti
MenuName:Microsoft Yi Baiti
StyleBits:0
WritingScript:Roman
OutlineFileName:E:\CLIENT WORK\KEIYNAN LONSDALE\Keiynan - Landing page\NEW ear\Keiynan Landing page - new era mastert Folder\Document fonts\msyi.ttf
DataFormat:sfntData
hasSVG:no
VariableFontType:NonVariableFont
FileLength:301180
FileModTime:1575706107
WeightClass:400
WidthClass:5
AngleClass:0
NameArray:0,Mac,4,Microsoft Yi Baiti
NameArray:0,Win,1,Microsoft Yi Baiti
%EndFont

